python.exe : 160 INFO: PyInstaller: 6.19.0, contrib hooks: 2026.4
Au caractère Ligne:1 : 50
+ ... -pipeline"; & ".\.venv\Scripts\python.exe" -m PyInstaller --clean --n ...
+                 ~~~~~~~~~~~~~~~~~~~~~~~~~~~~~~~~~~~~~~~~~~~~~~~~~~~~~~~~~
    + CategoryInfo          : NotSpecified: (160 INFO: PyIns...b hooks: 2026.4 
   :String) [], RemoteException
    + FullyQualifiedErrorId : NativeCommandError
 
161 INFO: Python: 3.13.5
190 INFO: Platform: Windows-11-10.0.26200-SP0
190 INFO: Python environment: C:\Users\Mega Pc\Desktop\research-pipeline\.venv
192 INFO: Removing temporary files and cleaning cache in C:\Users\Mega 
Pc\AppData\Local\pyinstaller
1004 INFO: Module search paths (PYTHONPATH):
['C:\\Users\\Mega Pc\\Desktop\\research-pipeline',
 'C:\\Program Files\\Python313\\python313.zip',
 'C:\\Program Files\\Python313\\DLLs',
 'C:\\Program Files\\Python313\\Lib',
 'C:\\Program Files\\Python313',
 'C:\\Users\\Mega Pc\\Desktop\\research-pipeline\\.venv',
 'C:\\Users\\Mega Pc\\Desktop\\research-pipeline\\.venv\\Lib\\site-packages',
 'C:\\Users\\Mega Pc\\Desktop\\research-pipeline',
 'C:\\Users\\Mega Pc\\Desktop']
1408 INFO: Appending 'datas' from .spec
1408 INFO: checking Analysis
1408 INFO: Building Analysis because Analysis-00.toc is non existent
1408 INFO: Looking for Python shared library...
1408 INFO: Using Python shared library: C:\Program 
Files\Python313\python313.dll
1408 INFO: Running Analysis Analysis-00.toc
1408 INFO: Target bytecode optimization level: 0
1408 INFO: Initializing module dependency graph...
1409 INFO: Initializing module graph hook caches...
1419 INFO: Analyzing modules for base_library.zip ...
2730 INFO: Processing standard module hook 'hook-encodings.py' from 
'C:\\Users\\Mega 
Pc\\Desktop\\research-pipeline\\.venv\\Lib\\site-packages\\PyInstaller\\hooks'
6031 INFO: Processing standard module hook 'hook-pickle.py' from 
'C:\\Users\\Mega 
Pc\\Desktop\\research-pipeline\\.venv\\Lib\\site-packages\\PyInstaller\\hooks'
9861 INFO: Processing standard module hook 'hook-heapq.py' from 
'C:\\Users\\Mega 
Pc\\Desktop\\research-pipeline\\.venv\\Lib\\site-packages\\PyInstaller\\hooks'
11166 INFO: Caching module dependency graph...
11268 INFO: Analyzing C:\Users\Mega 
Pc\Desktop\research-pipeline\nestbrain\main.py
11285 INFO: Processing standard module hook 'hook-PyQt6.py' from 
'C:\\Users\\Mega 
Pc\\Desktop\\research-pipeline\\.venv\\Lib\\site-packages\\PyInstaller\\hooks'
13281 INFO: Processing standard module hook 'hook-PyQt6.QtCore.py' from 
'C:\\Users\\Mega 
Pc\\Desktop\\research-pipeline\\.venv\\Lib\\site-packages\\PyInstaller\\hooks'
20829 INFO: Processing standard module hook 'hook-PyQt6.QtWidgets.py' from 
'C:\\Users\\Mega 
Pc\\Desktop\\research-pipeline\\.venv\\Lib\\site-packages\\PyInstaller\\hooks'
27921 INFO: Processing standard module hook 'hook-PyQt6.QtGui.py' from 
'C:\\Users\\Mega 
Pc\\Desktop\\research-pipeline\\.venv\\Lib\\site-packages\\PyInstaller\\hooks'
